
Single Point Constraints
node= 2
tag= 1, type= 1
node= 4
tag= 4, type= 2
 value= 1.000000
tag= 5, type= 3
 master= 2

MultiPoint Constraints
index= 1, nterms= 3, r= 0.000000
 ix= 5, tag= 1, c= -1.000000
 ix= 100, tag= 1, c= 0.500000
 ix= 101, tag= 1, c= 0.500000
index= 2, nterms= 3, r= 0.000000
 ix= 5, tag= 2, c= -1.000000
 ix= 100, tag= 2, c= 0.500000
 ix= 101, tag= 2, c= 0.500000
index= 3, type= 2, nterms= 2
 ix= 2
 ix= 3
