type = 35
nqua = 2
iqua[0] = 33
iqua[1] = 34
cqua = 
sect = -1
id1,id2,id3 = 1 2 0
dataset name = S.[EQUIV,PLAST].SEC.BOT.E:1:2

 ntypes = 3

 name = LoadFactor
 nval= 1
 Real
  value= 1.000000e+00

 name = Title
 nval= 81
  value= Drop test case

 name = Subtitle
 nval= 81
  value= Oblique strike
type = 1
nqua = 0
cqua = 
sect = 0
id1,id2,id3 = 1 0 0
