
 ----------  point search  ---------- 

 point 1 is in element [2].

 point 2 is out. 

 point 1 is in element [2], rst= -0.200000 0.200000 0.000000

 point 2 is out. 

 ----------  line search 1 ---------- 

 the line intersects element [1]. 

 the line intersects element [2]. 

 ----------  line search 2 ---------- 

 the line intersects element [3]. 

 the line intersects element [4]. 

  ----------  plane search  ---------- 

  the plane intersects element [1]. 

  the plane intersects element [2]. 

  ----------  box search  ---------- 

  the element [1] is in the box. 

 ----------  point node search  ---------- 

 point 1 is coincident with node [7].

 point 2 is not coincident. 
