identifier = 2, index = 1
identifier = 33, index = 2
identifier = 14, index = 3
identifier = 25, index = 4
identifier = 8, index = 5
identifier = -44, index = 0
match = 1
match = 0
numind= 5, numuni= 4
numind= 4, numuni= 3
index = 1, identifier = 2
index = 2, identifier = 8
index = 3, identifier = 25
numind= 3, numuni= 2
index = 1, identifier = 3, face number= 2
index = 2, identifier = 4, face number= 1
index = 3, identifier = 4, face number= 3
equivalence id = 2 to id = 1
equivalence id = 4 to id = 1
equivalence id = 5 to id = 1
Number of unique nodes= 2
index= 1, new id = 1
index= 2, new id = 1
index= 3, new id = 2
index= 4, new id = 1
index= 5, new id = 1
