node 5, aid= 100
node 5, num= 2
node 5, aid[0]= 100
node 5, aid[1]= 101
node 5, num= 1
node 5, aid[0]= 100
element 3, edge 1, aid= 0
element 3, edge 2, aid= 1

Test adding unique associations
element 2, face 1, num= 2
element 2, face 1, aid[0]= 100
element 2, face 1, aid[1]= 101

Test adding non-unique associations
element 2, face 1, num= 3
element 2, face 1, aid[0]= 100
element 2, face 1, aid[1]= 101
element 2, face 1, aid[2]= 100

Test delete additional associations
element 2, face 1, num= 1
element 2, face 1, aid[0]= 100

Test adding associations without set association
element 6, face 5, num= 2
element 6, face 5, aid[0]= 0
element 6, face 5, aid[1]= 50
