element index = 2, flag = 1
element index = 13, flag = 1
element index = 1, flag = 1
element index = 3, flag = 1
element index = 4, flag = 1
element index = 5, flag = 1
element index = 6, flag = 1
element index = 7, flag = 1
element index = 8, flag = 1
element index = 9, flag = 1
element index = 10, flag = 1
element index = 11, flag = 1
element index = 12, flag = 1
element index = 14, flag = 1
element index = 15, flag = 1
element index = 16, flag = 1
element index = 1, flag = 1
element index = 3, flag = 1
element index = 5, flag = 1
element index = 7, flag = 1
element index = 9, flag = 1
element index = 11, flag = 1
element index = 15, flag = 1
