ntypes = 6

 name = Density
 nval= 1
 Real
  value= 7.800000e+03

 name = Young's Modulus (x,y,z)
 nval= 3
 Real
  value= 2.100000e+11
  value= 1.100000e+11
  value= 1.200000e+11

 name = Poisson's Ratio (xy,yz,xz)
 nval= 3
 Real
  value= 3.000000e-01
  value= 3.000000e-01
  value= 3.000000e-01

 name = Shear Modulus (xy,yz,zx)
 nval= 3
 Real
  value= 4.000000e+10
  value= 3.000000e+10
  value= 3.000000e+10

 name = Thermal Conductivity (x,y,z)
 nval= 3
 Real
  value= 5.500000e+01
  value= 3.000000e+01
  value= 2.500000e+01

 name = Specific Heat
 nval= 1
 Real
  value= 4.650000e+02
