Example 23a, Using Connect with a GridFun object
element - number of faces, edges, nodes
    1                  6     12      8
    2                  6     12      8
    3                  1      4      4
element node - connected node, coordinates
    1                  1       0.000000  0.000000  0.000000
    2                  2       1.000000  0.000000  0.000000
    3                  6       1.000000  1.000000  0.000000
    4                  5       0.000000  1.000000  0.000000
    5                  9       0.000000  0.000000  2.000000
    6                 10       1.000000  0.000000  2.000000
    7                 13       1.000000  1.000000  2.000000
    8                 12       0.000000  1.000000  2.000000
element face - adjacent element
    1               none
    2               none
    3               none
    4               none
    5               none
    6                  2
adjacent element
    2
