openflag= 1
last entry for    1-th array is 100000
last entry for    2-th array is 200000
last entry for    3-th array is 300000
last entry for    4-th array is 400000
last entry for    5-th array is 500000
last entry for    6-th array is 600000
last entry for    7-th array is 700000
last entry for    8-th array is 800000
last entry for    9-th array is 900000
last entry for   10-th array is 1000000
last entry for   11-th array is 1100000
last entry for   12-th array is 1200000
last entry for   13-th array is 1300000
last entry for   14-th array is 1400000
last entry for   15-th array is 1500000
last entry for   16-th array is 1600000
last entry for   17-th array is 1700000
last entry for   18-th array is 1800000
last entry for   19-th array is 1900000
last entry for   20-th array is 2000000
last entry for   21-th array is 2100000
last entry for   22-th array is 2200000
last entry for   23-th array is 2300000
last entry for   24-th array is 2400000
last entry for   25-th array is 2500000
last entry for   26-th array is 2600000
last entry for   27-th array is 2700000
last entry for   28-th array is 2800000
last entry for   29-th array is 2900000
last entry for   30-th array is 3000000
last entry for   31-th array is 3100000
last entry for   32-th array is 3200000
last entry for   33-th array is 3300000
last entry for   34-th array is 3400000
last entry for   35-th array is 3500000
last entry for   36-th array is 3600000
last entry for   37-th array is 3700000
last entry for   38-th array is 3800000
last entry for   39-th array is 3900000
last entry for   40-th array is 4000000
last entry for   41-th array is 4100000
last entry for   42-th array is 4200000
last entry for   43-th array is 4300000
last entry for   44-th array is 4400000
last entry for   45-th array is 4500000
last entry for   46-th array is 4600000
last entry for   47-th array is 4700000
last entry for   48-th array is 4800000
last entry for   49-th array is 4900000
last entry for   50-th array is 5000000
last entry for   51-th array is 5100000
last entry for   52-th array is 5200000
last entry for   53-th array is 5300000
last entry for   54-th array is 5400000
last entry for   55-th array is 5500000
last entry for   56-th array is 5600000
last entry for   57-th array is 5700000
last entry for   58-th array is 5800000
last entry for   59-th array is 5900000
last entry for   60-th array is 6000000
last entry for   61-th array is 6100000
last entry for   62-th array is 6200000
last entry for   63-th array is 6300000
last entry for   64-th array is 6400000
last entry for   65-th array is 6500000
last entry for   66-th array is 6600000
last entry for   67-th array is 6700000
last entry for   68-th array is 6800000
last entry for   69-th array is 6900000
last entry for   70-th array is 7000000
last entry for   71-th array is 7100000
last entry for   72-th array is 7200000
last entry for   73-th array is 7300000
last entry for   74-th array is 7400000
last entry for   75-th array is 7500000
last entry for   76-th array is 7600000
last entry for   77-th array is 7700000
last entry for   78-th array is 7800000
last entry for   79-th array is 7900000
last entry for   80-th array is 8000000
last entry for   81-th array is 8100000
last entry for   82-th array is 8200000
last entry for   83-th array is 8300000
last entry for   84-th array is 8400000
last entry for   85-th array is 8500000
last entry for   86-th array is 8600000
last entry for   87-th array is 8700000
last entry for   88-th array is 8800000
last entry for   89-th array is 8900000
last entry for   90-th array is 9000000
last entry for   91-th array is 9100000
last entry for   92-th array is 9200000
last entry for   93-th array is 9300000
last entry for   94-th array is 9400000
last entry for   95-th array is 9500000
last entry for   96-th array is 9600000
last entry for   97-th array is 9700000
last entry for   98-th array is 9800000
last entry for   99-th array is 9900000
last entry for  100-th array is 10000000
file rewound
last entry for    1-th array is 100000
last entry for    2-th array is 200000
last entry for    3-th array is 300000
last entry for    4-th array is 400000
last entry for    5-th array is 500000
last entry for    6-th array is 600000
last entry for    7-th array is 700000
last entry for    8-th array is 800000
last entry for    9-th array is 900000
last entry for   10-th array is 1000000
last entry for   11-th array is 1100000
last entry for   12-th array is 1200000
last entry for   13-th array is 1300000
last entry for   14-th array is 1400000
last entry for   15-th array is 1500000
last entry for   16-th array is 1600000
last entry for   17-th array is 1700000
last entry for   18-th array is 1800000
last entry for   19-th array is 1900000
last entry for   20-th array is 2000000
last entry for   21-th array is 2100000
last entry for   22-th array is 2200000
last entry for   23-th array is 2300000
last entry for   24-th array is 2400000
last entry for   25-th array is 2500000
last entry for   26-th array is 2600000
last entry for   27-th array is 2700000
last entry for   28-th array is 2800000
last entry for   29-th array is 2900000
last entry for   30-th array is 3000000
last entry for   31-th array is 3100000
last entry for   32-th array is 3200000
last entry for   33-th array is 3300000
last entry for   34-th array is 3400000
last entry for   35-th array is 3500000
last entry for   36-th array is 3600000
last entry for   37-th array is 3700000
last entry for   38-th array is 3800000
last entry for   39-th array is 3900000
last entry for   40-th array is 4000000
last entry for   41-th array is 4100000
last entry for   42-th array is 4200000
last entry for   43-th array is 4300000
last entry for   44-th array is 4400000
last entry for   45-th array is 4500000
last entry for   46-th array is 4600000
last entry for   47-th array is 4700000
last entry for   48-th array is 4800000
last entry for   49-th array is 4900000
last entry for   50-th array is 5000000
last entry for   51-th array is 5100000
last entry for   52-th array is 5200000
last entry for   53-th array is 5300000
last entry for   54-th array is 5400000
last entry for   55-th array is 5500000
last entry for   56-th array is 5600000
last entry for   57-th array is 5700000
last entry for   58-th array is 5800000
last entry for   59-th array is 5900000
last entry for   60-th array is 6000000
last entry for   61-th array is 6100000
last entry for   62-th array is 6200000
last entry for   63-th array is 6300000
last entry for   64-th array is 6400000
last entry for   65-th array is 6500000
last entry for   66-th array is 6600000
last entry for   67-th array is 6700000
last entry for   68-th array is 6800000
last entry for   69-th array is 6900000
last entry for   70-th array is 7000000
last entry for   71-th array is 7100000
last entry for   72-th array is 7200000
last entry for   73-th array is 7300000
last entry for   74-th array is 7400000
last entry for   75-th array is 7500000
last entry for   76-th array is 7600000
last entry for   77-th array is 7700000
last entry for   78-th array is 7800000
last entry for   79-th array is 7900000
last entry for   80-th array is 8000000
last entry for   81-th array is 8100000
last entry for   82-th array is 8200000
last entry for   83-th array is 8300000
last entry for   84-th array is 8400000
last entry for   85-th array is 8500000
last entry for   86-th array is 8600000
last entry for   87-th array is 8700000
last entry for   88-th array is 8800000
last entry for   89-th array is 8900000
last entry for   90-th array is 9000000
last entry for   91-th array is 9100000
last entry for   92-th array is 9200000
last entry for   93-th array is 9300000
last entry for   94-th array is 9400000
last entry for   95-th array is 9500000
last entry for   96-th array is 9600000
last entry for   97-th array is 9700000
last entry for   98-th array is 9800000
last entry for   99-th array is 9900000
last entry for  100-th array is 10000000
last entry for   50-th array is 5000000
openflag= 0
