
HashTable test
num = 5, count = 0
count= 4, max key= 3
key = 0
key = 3
key = 2
key = 1
num = 5, count = 4
key = 4, string = four
key = 3, string = three
key = 15, string = fifteen
key = 1, string = one

VHashTable test
size = 3, num = 5, count = 0
count= 4
size = 3, num = 5, count = 4
key = 1 2 15, string = fifteen
key = 1 2 1, string = one
key = 1 2 3, string = three
key = 1 2 4, string = four

IntVHash test
size = 3, num = 5, count = 0
count= 4
size = 3, num = 5, count = 4
key = 1 2 15, ival = 15
key = 1 2 1, ival = 1
key = 1 2 3, ival = 3
key = 1 2 4, ival = 4

List test
1 10 20 
1 20 

Stack test
1 10 20 
1 10 

Dictionary test
num = 128, count = 0
num = 128, count = 4
name = Three, string = three
name = One, string = one
name = Four, string = four
name = Fifteen, string = fifteen
name = Three, string = 3
