level 1, primary 1, interval 1, Percent done= 0.117647
level 1, primary 1, interval 1, Percent done= 0.235294
level 1, primary 1, interval 1, Percent done= 0.352941
level 1, primary 1, interval 1, Percent done= 0.470588
level 1, primary 1, interval 1, Percent done= 0.588235
level 1, primary 1, interval 1, Percent done= 0.705882
level 1, primary 1, interval 1, Percent done= 0.823529
level 1, primary 1, interval 1, Percent done= 0.941176
level 1, primary 1, interval 1, Percent done= 1.058824
level 1, primary 1, interval 1, Percent done= 1.176471
level 1, primary 1, interval 1, Percent done= 1.294118
level 1, primary 1, interval 1, Percent done= 1.411765
level 1, primary 1, interval 1, Percent done= 1.529412
level 1, primary 1, interval 1, Percent done= 1.647059
level 1, primary 1, interval 1, Percent done= 1.764706
level 1, primary 1, interval 1, Percent done= 1.882353
level 1, primary 1, interval 1, Percent done= 2.000000
level 1, primary 1, interval 1, Percent done= 2.117647
level 1, primary 1, interval 1, Percent done= 2.235294
level 1, primary 1, interval 1, Percent done= 2.352941
level 1, primary 1, interval 1, Percent done= 2.470588
level 1, primary 1, interval 1, Percent done= 2.588235
level 1, primary 1, interval 1, Percent done= 2.705882
level 1, primary 1, interval 1, Percent done= 2.823529
level 1, primary 1, interval 1, Percent done= 2.941176
level 1, primary 1, interval 1, Percent done= 3.058824
level 1, primary 1, interval 1, Percent done= 3.176471
level 1, primary 1, interval 1, Percent done= 3.294118
level 1, primary 1, interval 1, Percent done= 3.411765
level 1, primary 1, interval 1, Percent done= 3.529412
level 1, primary 1, interval 1, Percent done= 3.647059
level 1, primary 1, interval 1, Percent done= 3.764706
level 1, primary 1, interval 1, Percent done= 3.882353
level 1, primary 1, interval 1, Percent done= 4.000000
level 1, primary 1, interval 1, Percent done= 4.117647
level 1, primary 1, interval 1, Percent done= 4.235294
level 1, primary 1, interval 1, Percent done= 4.352941
level 1, primary 1, interval 1, Percent done= 4.470588
level 1, primary 1, interval 1, Percent done= 4.588235
level 1, primary 1, interval 1, Percent done= 4.705883
level 1, primary 1, interval 1, Percent done= 4.823529
level 1, primary 1, interval 1, Percent done= 4.941176
level 1, primary 1, interval 1, Percent done= 5.058824
level 1, primary 1, interval 1, Percent done= 5.176471
level 1, primary 1, interval 1, Percent done= 5.294117
level 1, primary 1, interval 1, Percent done= 5.411765
level 1, primary 1, interval 1, Percent done= 5.529412
level 1, primary 1, interval 1, Percent done= 5.647059
level 1, primary 1, interval 1, Percent done= 5.764706
level 1, primary 1, interval 1, Percent done= 5.882353
level 1, primary 1, interval 1, Percent done= 6.000000
level 1, primary 1, interval 1, Percent done= 6.117647
level 1, primary 1, interval 1, Percent done= 6.235294
level 1, primary 1, interval 1, Percent done= 6.352941
level 1, primary 1, interval 1, Percent done= 6.470588
level 1, primary 1, interval 1, Percent done= 6.588235
level 1, primary 1, interval 1, Percent done= 6.705883
level 1, primary 1, interval 1, Percent done= 6.823529
level 1, primary 1, interval 1, Percent done= 6.941176
level 1, primary 1, interval 1, Percent done= 7.058824
level 1, primary 1, interval 1, Percent done= 7.176471
level 1, primary 1, interval 1, Percent done= 7.294117
level 1, primary 1, interval 1, Percent done= 7.411765
level 1, primary 1, interval 1, Percent done= 7.529411
level 1, primary 1, interval 1, Percent done= 7.647059
level 1, primary 1, interval 1, Percent done= 7.764706
level 1, primary 1, interval 1, Percent done= 7.882353
level 1, primary 1, interval 1, Percent done= 8.000000
level 1, primary 1, interval 1, Percent done= 8.117647
level 1, primary 1, interval 1, Percent done= 8.235294
level 1, primary 1, interval 1, Percent done= 8.352942
level 1, primary 1, interval 1, Percent done= 8.470589
level 1, primary 1, interval 1, Percent done= 8.588235
level 1, primary 1, interval 1, Percent done= 8.705882
level 1, primary 1, interval 1, Percent done= 8.823529
level 1, primary 1, interval 1, Percent done= 8.941176
level 1, primary 1, interval 1, Percent done= 9.058824
level 1, primary 1, interval 1, Percent done= 9.176471
level 1, primary 1, interval 1, Percent done= 9.294118
level 1, primary 1, interval 1, Percent done= 9.411765
level 1, primary 1, interval 1, Percent done= 9.529412
level 1, primary 1, interval 1, Percent done= 9.647058
level 1, primary 1, interval 1, Percent done= 9.764706
level 1, primary 1, interval 1, Percent done= 9.882353
level 1, primary 1, interval 1, Percent done= 10.000000
level 1, primary 1, interval 1, Percent done= 10.117647
level 1, primary 1, interval 1, Percent done= 10.235294
level 1, primary 1, interval 1, Percent done= 10.352942
level 1, primary 1, interval 1, Percent done= 10.470589
level 1, primary 1, interval 1, Percent done= 10.588235
level 1, primary 1, interval 1, Percent done= 10.705882
level 1, primary 1, interval 1, Percent done= 10.823529
level 1, primary 1, interval 1, Percent done= 10.941176
level 1, primary 1, interval 1, Percent done= 11.058824
level 1, primary 1, interval 1, Percent done= 11.176471
level 1, primary 1, interval 1, Percent done= 11.294118
level 1, primary 1, interval 1, Percent done= 11.411765
level 1, primary 1, interval 1, Percent done= 11.529412
level 1, primary 1, interval 1, Percent done= 11.647058
level 1, primary 1, interval 1, Percent done= 11.764706
level 1, primary 1, Percent done= 11.764706
level 3, primary 1, Percent done= 11.932774
level 3, primary 1, Percent done= 12.100841
level 3, primary 1, Percent done= 12.268908
level 3, primary 1, Percent done= 12.436975
level 3, primary 1, Percent done= 12.605042
level 3, primary 1, Percent done= 12.773110
level 3, primary 1, Percent done= 12.941177
level 3, primary 1, Percent done= 13.109244
level 3, primary 1, Percent done= 13.277311
level 3, primary 1, Percent done= 13.445379
level 3, primary 1, Percent done= 13.613446
level 3, primary 1, Percent done= 13.781513
level 3, primary 1, Percent done= 13.949580
level 3, primary 1, Percent done= 14.117648
level 3, primary 1, Percent done= 14.285715
level 3, primary 1, Percent done= 14.453782
level 3, primary 1, Percent done= 14.621849
level 3, primary 1, Percent done= 14.789917
level 3, primary 1, Percent done= 14.957984
level 3, primary 1, Percent done= 15.126051
level 3, primary 1, Percent done= 15.294118
level 3, primary 1, Percent done= 15.462186
level 3, primary 1, Percent done= 15.630253
level 3, primary 1, Percent done= 15.798320
level 3, primary 1, Percent done= 15.966387
level 3, primary 1, Percent done= 16.134455
level 3, primary 1, Percent done= 16.302521
level 3, primary 1, Percent done= 16.470589
level 3, primary 1, Percent done= 16.638657
level 3, primary 1, Percent done= 16.806723
level 3, primary 1, Percent done= 16.974791
level 3, primary 1, Percent done= 17.142859
level 3, primary 1, Percent done= 17.310925
level 3, primary 1, Percent done= 17.478992
level 3, primary 1, Percent done= 17.647058
level 3, primary 1, Percent done= 17.815126
level 3, primary 1, Percent done= 17.983194
level 3, primary 1, Percent done= 18.151260
level 3, primary 1, Percent done= 18.319330
level 3, primary 1, Percent done= 18.487396
level 3, primary 1, Percent done= 18.655464
level 3, primary 1, Percent done= 18.823532
level 3, primary 1, Percent done= 18.991598
level 3, primary 1, Percent done= 19.159666
level 3, primary 1, Percent done= 19.327732
level 3, primary 1, Percent done= 19.495800
level 3, primary 1, Percent done= 19.663868
level 3, primary 1, Percent done= 19.831934
level 3, primary 1, Percent done= 20.000002
level 3, primary 1, Percent done= 20.168070
level 2, primary 2, Percent done= 24.369749
level 2, primary 2, Percent done= 28.571432
level 2, primary 2, Percent done= 32.773113
level 2, primary 2, Percent done= 36.974792
level 2, primary 2, Percent done= 41.176476
level 1, primary 2, Percent done= 41.176472
level 1, primary 3, Percent done= 100.000000
