
PropSet test
number of properties = 6

Property Set

Property name = double vector
 type         = 4
 num          = 2
 size         = 16
  prop[ 0]    = 100.000000
  prop[ 1]    = 101.000000

Property name = float
 type         = 2
 num          = 1
 size         = 4
  prop[ 0]    = 2.000000

Property name = integer
 type         = 1
 num          = 1
 size         = 4
  prop[ 0]    = 1

Property name = object vector
 type         = 8
 num          = 2
 size         = 16
  prop[ 0]    = 0x1
  prop[ 1]    = 0x2

Property name = integer vector
 type         = 1
 num          = 3
 size         = 12
  prop[ 0]    = 10
  prop[ 1]    = 11
  prop[ 2]    = 12

Property name = string
 type         = 5
 num          = 1
 size         = 34
  prop        = Test and demonstrate property set
